┌  Building Nuxt for production...
│
●  Nuxt 4.5.1 (with Nitro 2.13.4, Vite 8.2.0 and Vue 3.5.40)
│
●  Nitro preset: static
ℹ Building client...
ℹ vite v8.2.0 building client environment for production...
[2Ktransforming...✓ 239 modules transformed.
rendering chunks...
computing gzip size...
ℹ node_modules/.cache/nuxt/.nuxt/dist/client/manifest.json                   6.47 kB │ gzip:  1.05 kB
node_modules/.cache/nuxt/.nuxt/dist/client/_nuxt/entry.BtQoXTsi.css        0.04 kB │ gzip:  0.06 kB
node_modules/.cache/nuxt/.nuxt/dist/client/_nuxt/faq.BpcMLZ_f.css          0.79 kB │ gzip:  0.41 kB
node_modules/.cache/nuxt/.nuxt/dist/client/_nuxt/error-500.BG9pmads.css    1.90 kB │ gzip:  0.72 kB
node_modules/.cache/nuxt/.nuxt/dist/client/_nuxt/error-404.DjFB7pgG.css    2.42 kB │ gzip:  0.85 kB
node_modules/.cache/nuxt/.nuxt/dist/client/_nuxt/CartDrawer.CtWqp2Hh.css   3.89 kB │ gzip:  1.04 kB
node_modules/.cache/nuxt/.nuxt/dist/client/_nuxt/shop.Czf99uQA.css         4.00 kB │ gzip:  1.10 kB
node_modules/.cache/nuxt/.nuxt/dist/client/_nuxt/_slug_.BKkhSLfd.css       6.97 kB │ gzip:  1.67 kB
node_modules/.cache/nuxt/.nuxt/dist/client/_nuxt/BDNMzG2s.js               0.08 kB │ gzip:  0.09 kB
node_modules/.cache/nuxt/.nuxt/dist/client/_nuxt/CUkoAgYo.js               0.43 kB │ gzip:  0.29 kB
node_modules/.cache/nuxt/.nuxt/dist/client/_nuxt/lvTp7xY-.js               0.50 kB │ gzip:  0.31 kB
node_modules/.cache/nuxt/.nuxt/dist/client/_nuxt/BO9CEzkT.js               0.69 kB │ gzip:  0.43 kB
node_modules/.cache/nuxt/.nuxt/dist/client/_nuxt/DePSH1vW.js               0.85 kB │ gzip:  0.51 kB
node_modules/.cache/nuxt/.nuxt/dist/client/_nuxt/GH8I1dip.js               1.38 kB │ gzip:  0.71 kB
node_modules/.cache/nuxt/.nuxt/dist/client/_nuxt/BTchzAHW.js               1.55 kB │ gzip:  0.76 kB
node_modules/.cache/nuxt/.nuxt/dist/client/_nuxt/D_ehTixR.js               1.56 kB │ gzip:  0.80 kB
node_modules/.cache/nuxt/.nuxt/dist/client/_nuxt/kTAPg0aG.js               1.62 kB │ gzip:  0.83 kB
node_modules/.cache/nuxt/.nuxt/dist/client/_nuxt/BjNgLcSS.js               2.09 kB │ gzip:  1.15 kB
node_modules/.cache/nuxt/.nuxt/dist/client/_nuxt/TPYW1-Bh.js               3.44 kB │ gzip:  1.54 kB
node_modules/.cache/nuxt/.nuxt/dist/client/_nuxt/CnXbML4K.js               3.79 kB │ gzip:  1.70 kB
node_modules/.cache/nuxt/.nuxt/dist/client/_nuxt/CS8mNapn.js               3.85 kB │ gzip:  1.65 kB
node_modules/.cache/nuxt/.nuxt/dist/client/_nuxt/CojJwRd5.js               4.25 kB │ gzip:  1.73 kB
node_modules/.cache/nuxt/.nuxt/dist/client/_nuxt/BhXgtz4c.js               5.11 kB │ gzip:  2.32 kB
node_modules/.cache/nuxt/.nuxt/dist/client/_nuxt/CrXUlDux.js               5.14 kB │ gzip:  2.42 kB
node_modules/.cache/nuxt/.nuxt/dist/client/_nuxt/_UJkn80O.js               5.76 kB │ gzip:  2.27 kB
node_modules/.cache/nuxt/.nuxt/dist/client/_nuxt/Casa7SXz.js               5.94 kB │ gzip:  2.33 kB
node_modules/.cache/nuxt/.nuxt/dist/client/_nuxt/BsB5NT_v.js               7.59 kB │ gzip:  3.08 kB
node_modules/.cache/nuxt/.nuxt/dist/client/_nuxt/Dmw4JOsY.js               8.59 kB │ gzip:  3.24 kB
node_modules/.cache/nuxt/.nuxt/dist/client/_nuxt/Cts3mzcz.js              18.62 kB │ gzip:  6.50 kB
node_modules/.cache/nuxt/.nuxt/dist/client/_nuxt/DamRk9AP.js              27.28 kB │ gzip: 10.59 kB
node_modules/.cache/nuxt/.nuxt/dist/client/_nuxt/CNAOUYoC.js              31.69 kB │ gzip: 12.71 kB
node_modules/.cache/nuxt/.nuxt/dist/client/_nuxt/DVTV4Aje.js              38.03 kB │ gzip: 14.69 kB
node_modules/.cache/nuxt/.nuxt/dist/client/_nuxt/C8Ink5yE.js              90.52 kB │ gzip: 34.89 kB

ℹ ✓ built in 2.96s
✔ Client built in 3013ms
ℹ Building server...
ℹ vite v8.2.0 building ssr environment for production...
[2Ktransforming...✓ 2 modules transformed.
rendering chunks...
ℹ node_modules/.cache/nuxt/.nuxt/dist/server/styles.mjs  0.06 kB
node_modules/.cache/nuxt/.nuxt/dist/server/server.mjs  0.17 kB │ map: 0.28 kB

ℹ ✓ built in 92ms
✔ Server built in 134ms
[nitro] ℹ Initializing prerenderer

 WARN  "H3Error", "H3Event", "deleteCookie", "getCookie", "sanitizeStatusCode" and "setCookie" are imported from external module "file:///home/olux/development/olux-studio/templates/v2hairco/node_modules/h3/dist/index.mjs" but never used in "node_modules/@nuxt/nitro-server/dist/h3.mjs".

[nitro] ℹ Prerendering 10 initial routes with crawler
[nitro]   ├─ /about (64ms)
[nitro]   ├─ /appointment (64ms)
[nitro]   ├─ /faq (66ms)
[nitro]   ├─ /contact-us (65ms)
[nitro]   ├─ /services (67ms)
[nitro]   ├─ /shop (68ms)
[nitro]   ├─ / (69ms)
[nitro]   ├─ /404.html (70ms)
[nitro]   ├─ /index.html (70ms)
[nitro]   ├─ /200.html (70ms)
[nitro] ℹ Prerendered 10 routes in 2.137 seconds
[nitro] ✔ Generated public .output/public
[nitro] ✔ You can preview this build using npx serve .output/public
│
▲  HTML content not prerendered because ssr: false was set.
│
●  You can read more in https://nuxt.com/docs/getting-started/deployment#static-hosting.
│
└  ✨ You can now deploy .output/public to any static hosting!
